src/pages/admin/StudentsPage.tsx(2,33): error TS2307: Cannot find module '@/components/layout/DashboardLayout' or its corresponding type declarations.
src/pages/admin/StudentsPage.tsx(3,24): error TS2307: Cannot find module '@/components/ui/button' or its corresponding type declarations.
src/pages/admin/StudentsPage.tsx(4,23): error TS2307: Cannot find module '@/components/ui/input' or its corresponding type declarations.
src/pages/admin/StudentsPage.tsx(12,8): error TS2307: Cannot find module '@/components/ui/table' or its corresponding type declarations.
src/pages/admin/StudentsPage.tsx(19,8): error TS2307: Cannot find module '@/components/ui/select' or its corresponding type declarations.
src/pages/admin/StudentsPage.tsx(20,23): error TS2307: Cannot find module '@/components/ui/badge' or its corresponding type declarations.
src/pages/admin/StudentsPage.tsx(21,40): error TS2307: Cannot find module '@/components/ui/avatar' or its corresponding type declarations.
src/pages/admin/StudentsPage.tsx(37,8): error TS2307: Cannot find module '@/components/ui/dropdown-menu' or its corresponding type declarations.
src/pages/admin/StudentsPage.tsx(133,9): error TS17004: Cannot use JSX unless the '--jsx' flag is provided.
src/pages/admin/StudentsPage.tsx(135,13): error TS17004: Cannot use JSX unless the '--jsx' flag is provided.
src/pages/admin/StudentsPage.tsx(136,17): error TS17004: Cannot use JSX unless the '--jsx' flag is provided.
src/pages/admin/StudentsPage.tsx(137,21): error TS17004: Cannot use JSX unless the '--jsx' flag is provided.
src/pages/admin/StudentsPage.tsx(138,21): error TS17004: Cannot use JSX unless the '--jsx' flag is provided.
src/pages/admin/StudentsPage.tsx(145,17): error TS17004: Cannot use JSX unless the '--jsx' flag is provided.
src/pages/admin/StudentsPage.tsx(146,21): error TS17004: Cannot use JSX unless the '--jsx' flag is provided.
src/pages/admin/StudentsPage.tsx(147,25): error TS17004: Cannot use JSX unless the '--jsx' flag is provided.
src/pages/admin/StudentsPage.tsx(148,29): error TS17004: Cannot use JSX unless the '--jsx' flag is provided.
src/pages/admin/StudentsPage.tsx(149,29): error TS17004: Cannot use JSX unless the '--jsx' flag is provided.
src/pages/admin/StudentsPage.tsx(151,25): error TS17004: Cannot use JSX unless the '--jsx' flag is provided.
src/pages/admin/StudentsPage.tsx(152,29): error TS17004: Cannot use JSX unless the '--jsx' flag is provided.
src/pages/admin/StudentsPage.tsx(153,29): error TS17004: Cannot use JSX unless the '--jsx' flag is provided.
src/pages/admin/StudentsPage.tsx(154,29): error TS17004: Cannot use JSX unless the '--jsx' flag is provided.
src/pages/admin/StudentsPage.tsx(155,29): error TS17004: Cannot use JSX unless the '--jsx' flag is provided.
src/pages/admin/StudentsPage.tsx(158,21): error TS17004: Cannot use JSX unless the '--jsx' flag is provided.
src/pages/admin/StudentsPage.tsx(159,25): error TS17004: Cannot use JSX unless the '--jsx' flag is provided.
src/pages/admin/StudentsPage.tsx(162,21): error TS17004: Cannot use JSX unless the '--jsx' flag is provided.
src/pages/admin/StudentsPage.tsx(163,25): error TS17004: Cannot use JSX unless the '--jsx' flag is provided.
src/pages/admin/StudentsPage.tsx(170,13): error TS17004: Cannot use JSX unless the '--jsx' flag is provided.
src/pages/admin/StudentsPage.tsx(171,17): error TS17004: Cannot use JSX unless the '--jsx' flag is provided.
src/pages/admin/StudentsPage.tsx(172,21): error TS17004: Cannot use JSX unless the '--jsx' flag is provided.
src/pages/admin/StudentsPage.tsx(173,25): error TS17004: Cannot use JSX unless the '--jsx' flag is provided.
src/pages/admin/StudentsPage.tsx(174,29): error TS17004: Cannot use JSX unless the '--jsx' flag is provided.
src/pages/admin/StudentsPage.tsx(175,29): error TS17004: Cannot use JSX unless the '--jsx' flag is provided.
src/pages/admin/StudentsPage.tsx(176,29): error TS17004: Cannot use JSX unless the '--jsx' flag is provided.
src/pages/admin/StudentsPage.tsx(177,29): error TS17004: Cannot use JSX unless the '--jsx' flag is provided.
src/pages/admin/StudentsPage.tsx(178,29): error TS17004: Cannot use JSX unless the '--jsx' flag is provided.
src/pages/admin/StudentsPage.tsx(179,29): error TS17004: Cannot use JSX unless the '--jsx' flag is provided.
src/pages/admin/StudentsPage.tsx(180,29): error TS17004: Cannot use JSX unless the '--jsx' flag is provided.
src/pages/admin/StudentsPage.tsx(181,29): error TS17004: Cannot use JSX unless the '--jsx' flag is provided.
src/pages/admin/StudentsPage.tsx(184,21): error TS17004: Cannot use JSX unless the '--jsx' flag is provided.
src/pages/admin/StudentsPage.tsx(186,29): error TS17004: Cannot use JSX unless the '--jsx' flag is provided.
src/pages/admin/StudentsPage.tsx(187,33): error TS17004: Cannot use JSX unless the '--jsx' flag is provided.
src/pages/admin/StudentsPage.tsx(188,37): error TS17004: Cannot use JSX unless the '--jsx' flag is provided.
src/pages/admin/StudentsPage.tsx(189,41): error TS17004: Cannot use JSX unless the '--jsx' flag is provided.
src/pages/admin/StudentsPage.tsx(190,45): error TS17004: Cannot use JSX unless the '--jsx' flag is provided.
src/pages/admin/StudentsPage.tsx(194,41): error TS17004: Cannot use JSX unless the '--jsx' flag is provided.
src/pages/admin/StudentsPage.tsx(197,33): error TS17004: Cannot use JSX unless the '--jsx' flag is provided.
src/pages/admin/StudentsPage.tsx(198,33): error TS17004: Cannot use JSX unless the '--jsx' flag is provided.
src/pages/admin/StudentsPage.tsx(201,33): error TS17004: Cannot use JSX unless the '--jsx' flag is provided.
src/pages/admin/StudentsPage.tsx(202,33): error TS17004: Cannot use JSX unless the '--jsx' flag is provided.
src/pages/admin/StudentsPage.tsx(203,33): error TS17004: Cannot use JSX unless the '--jsx' flag is provided.
src/pages/admin/StudentsPage.tsx(204,33): error TS17004: Cannot use JSX unless the '--jsx' flag is provided.
src/pages/admin/StudentsPage.tsx(205,37): error TS17004: Cannot use JSX unless the '--jsx' flag is provided.
src/pages/admin/StudentsPage.tsx(212,33): error TS17004: Cannot use JSX unless the '--jsx' flag is provided.
src/pages/admin/StudentsPage.tsx(213,37): error TS17004: Cannot use JSX unless the '--jsx' flag is provided.
src/pages/admin/StudentsPage.tsx(214,41): error TS17004: Cannot use JSX unless the '--jsx' flag is provided.
src/pages/admin/StudentsPage.tsx(215,45): error TS17004: Cannot use JSX unless the '--jsx' flag is provided.
src/pages/admin/StudentsPage.tsx(216,49): error TS17004: Cannot use JSX unless the '--jsx' flag is provided.
src/pages/admin/StudentsPage.tsx(219,41): error TS17004: Cannot use JSX unless the '--jsx' flag is provided.
src/pages/admin/StudentsPage.tsx(220,45): error TS17004: Cannot use JSX unless the '--jsx' flag is provided.
src/pages/admin/StudentsPage.tsx(221,49): error TS17004: Cannot use JSX unless the '--jsx' flag is provided.
src/pages/admin/StudentsPage.tsx(224,45): error TS17004: Cannot use JSX unless the '--jsx' flag is provided.
src/pages/admin/StudentsPage.tsx(225,49): error TS17004: Cannot use JSX unless the '--jsx' flag is provided.
src/pages/admin/StudentsPage.tsx(228,45): error TS17004: Cannot use JSX unless the '--jsx' flag is provided.
src/pages/admin/StudentsPage.tsx(229,49): error TS17004: Cannot use JSX unless the '--jsx' flag is provided.
src/pages/admin/StudentsPage.tsx(242,13): error TS17004: Cannot use JSX unless the '--jsx' flag is provided.
src/pages/admin/StudentsPage.tsx(243,17): error TS17004: Cannot use JSX unless the '--jsx' flag is provided.
